// Jest Snapshot v1, https://goo.gl/fbAQLP

exports[`GuideAnchor renders 1`] = `
<span
  className="guide-anchor text"
  style={
    Object {
      "position": "relative",
    }
  }
>
  <StyledGuideAnchor
    active={false}
    className="guide-anchor-ping target 1"
    type="text"
  />
</span>
`;

exports[`GuideAnchor turns active when guide state changes 1`] = `
<span
  className="guide-anchor text"
  style={
    Object {
      "position": "relative",
    }
  }
>
  <StyledGuideAnchor
    active={true}
    className="guide-anchor-ping target 1"
    type="text"
  />
</span>
`;
